---
source: src/env/mod.rs
expression: env.make_obs()
---
[[10.0, -4.0, 0.0, 1.0],
 [10.399999618530273, -3.5999999046325684, 0.4000000059604645, 4.0]], shape=[2, 4], strides=[4, 1], layout=Cc (0x5), dynamic ndim=2
