---
source: src/env/mod.rs
expression: result_tuple
---
LineRiderSimulationResult {
    steps_taken: 114,
    goal_reached: true,
    checkpoint_reached: false,
    velocity_at_end: 15.4694605,
    overall_velocity: 1075.9364,
    overall_rotation: 58.304726,
    overall_height_gain: 0.0,
    closest_to_goal: 0.0,
    ended_because_of_no_movement: false,
    time_rider_touched_track: 2640,
    time_rider_airborne: 1960,
    total_time: 4600,
}
