---
source: rusty-gym/src/env/python/python_to_rust.rs
expression: python_env.reset()

---
[0.008751027286052704, -0.010400754399597645, -0.012900174595415592, 0.001616820809431374], shape=[4], strides=[1], layout=CFcf (0xf), dynamic ndim=1
