---
source: rusty-gym/src/env/python/python_to_rust.rs
expression: res

---
Step {
    obs: [0.008543011732399464, 0.1849038004875183, -0.012867838144302368, -0.29510819911956787], shape=[4], strides=[1], layout=CFcf (0xf), dynamic ndim=1,
    action: [1.0], shape=[1], strides=[1], layout=CFcf (0xf), dynamic ndim=1,
    reward: 1.0,
    is_done: false,
}
