---
source: rusty-gym/src/env/python/python_to_rust.rs
expression: python_env.observation_space()

---
BoxedWithRange(
    [
        4,
    ],
    [
        -4.800000190734863,
        -3.4028234663852886e38,
        -0.41887903213500977,
        -3.4028234663852886e38,
    ],
    [
        4.800000190734863,
        3.4028234663852886e38,
        0.41887903213500977,
        3.4028234663852886e38,
    ],
)
